// Jest Snapshot v1, https://goo.gl/fbAQLP

exports[`ProductStats Should shallow 1`] = `
<div
  className="product-stats flex-row"
>
  <div
    className="shop-rating-picture flex-column"
  >
    <span>
      Shop Rating
    </span>
    <span />
  </div>
  <div
    className="shop-rating-container flex-column"
  >
    <span>
      Total shop reviews
    </span>
    <span>
      323
    </span>
  </div>
</div>
`;
