// Jest Snapshot v1, https://goo.gl/fbAQLP

exports[`Review Should shallow 1`] = `
<div
  className="review"
>
  <div
    className="review-info"
  >
    <img
      alt="Melvin's avatar"
      className="avatar"
      src="http://www.gravatar.com/avatar/?d=identicon"
    />
    <a
      className="reviewer-name review-link"
      href="/users/Melvin"
    >
      Melvin
    </a>
    <em
      className="review-date"
    >
      Mar 17, 2020
    </em>
  </div>
  <div
    className="review-body"
  >
    <div
      className="review-data"
    >
      <div
        className="review-score"
      />
      <span
        className="review-text"
      >
        This a test
      </span>
    </div>
    <img
      alt="Melvin added a photo of their purchase"
      className="review-photo"
      src="https://picsum.photos/id/237/200/300"
    />
    <div
      className="review-product-data"
    >
      <span>
        Purchased item:
      </span>
      <div>
        <img
          alt="A Cool Product"
          className="product-icon"
          src="https://picsum.photos/id/237/200/300"
        />
        <a
          className="review-link"
          href="/listing/1"
        >
          A Cool Product
        </a>
      </div>
    </div>
  </div>
</div>
`;
