// Jest Snapshot v1, https://goo.gl/fbAQLP

exports[`Review Should shallow 1`] = `
<div>
  <img
    alt="Melvin's avatar"
    src="http://www.gravatar.com/avatar/?d=identicon"
  />
  <a
    className="reviewer-name"
    href="/users/Melvin"
  >
    Melvin
  </a>
  <em
    className="review-date"
  >
    Tue Mar 17 2020 16:08:19 GMT-0700 (Pacific Daylight Time)
  </em>
  <div
    className="review-score"
  >
    5
  </div>
  <div
    className="review-body"
  >
    This a test
    <div>
      <img
        alt="Melvin added a photo of their purchase"
        src="https://picsum.photos/id/237/200/300"
      />
    </div>
  </div>
  <div>
    <span>
      Purchased item:
    </span>
    <div
      className="review-product-data"
    >
      <img
        alt="A Cool Product"
        className="product-icon"
        src="https://picsum.photos/id/237/200/300"
      />
      <a
        href="/listing/1"
      >
        A Cool Product
      </a>
    </div>
  </div>
</div>
`;
